Temporary mutation (reverted; restored file verified identical with diff -q): reserveOtLeave ran its check-then-insert without writeTransaction (no BEGIN IMMEDIATE).
$ npm exec -- vitest run tests/integration/ot-leave-concurrency.test.ts -t LG-07  (Node v24.21.0; exit 1, expected: the harness detects the double booking)

 RUN  v5.0.2 <project>

 ❯ tests/integration/ot-leave-concurrency.test.ts (8 tests | 3 failed | 5 skipped) 280ms
   ❯ LG-07 concurrent reservations (AC-03) (3)
     × exactly one of two 80-minute reservations wins at opening balance 100 (25 rounds) 95ms
     × four racers reserving 80 at opening balance 200: exactly two win (20 rounds) 13ms
     × a concurrent retry of the same request key creates one request (20 rounds) 10ms

⎯⎯⎯⎯⎯⎯⎯ Failed Tests 3 ⎯⎯⎯⎯⎯⎯⎯

 FAIL  tests/integration/ot-leave-concurrency.test.ts > LG-07 concurrent reservations (AC-03) > exactly one of two 80-minute reservations wins at opening balance 100 (25 rounds)
AssertionError: round 0: expected [ { ok: true, …(4) }, …(1) ] to have a length of 1 but got 2

- Expected
+ Received

- 1
+ 2

 ❯ tests/integration/ot-leave-concurrency.test.ts:132:107
    130|       tally(distribution, outcomes);
    131|       if (callWindowsOverlap(outcomes)) overlapping += 1;
    132|       expect(outcomes.filter((outcome) => outcome.ok && outcome.status…
       |                                                                                                           ^
    133|         expected.successful_requests,
    134|       );

⎯⎯⎯⎯⎯⎯⎯⎯⎯⎯⎯⎯⎯⎯⎯⎯⎯⎯⎯⎯⎯⎯⎯⎯[1/3]⎯

 FAIL  tests/integration/ot-leave-concurrency.test.ts > LG-07 concurrent reservations (AC-03) > four racers reserving 80 at opening balance 200: exactly two win (20 rounds)
AssertionError: round 0: expected [ 'reserved', 'reserved', …(2) ] to deeply equal [ '409 insufficient_balance', …(3) ]

- Expected
+ Received

  [
-   "409 insufficient_balance",
-   "409 insufficient_balance",
+   "reserved",
+   "reserved",
    "reserved",
    "reserved",
  ]

 ❯ tests/integration/ot-leave-concurrency.test.ts:157:50
    155|       tally(distribution, outcomes);
    156|       if (callWindowsOverlap(outcomes)) overlapping += 1;
    157|       expect(labels(outcomes), `round ${round}`).toEqual(['409 insuffi…
       |                                                  ^
    158|       expect(getBalance(t.db, owner)).toMatchObject({ postedMinutes: 2…
    159|     }

⎯⎯⎯⎯⎯⎯⎯⎯⎯⎯⎯⎯⎯⎯⎯⎯⎯⎯⎯⎯⎯⎯⎯⎯[2/3]⎯

 FAIL  tests/integration/ot-leave-concurrency.test.ts > LG-07 concurrent reservations (AC-03) > a concurrent retry of the same request key creates one request (20 rounds)
AssertionError: round 0: expected [ '- SQLITE_CONSTRAINT_UNIQUE', …(1) ] to deeply equal [ 'duplicate', 'reserved' ]

- Expected
+ Received

  [
-   "duplicate",
+   "- SQLITE_CONSTRAINT_UNIQUE",
    "reserved",
  ]

 ❯ tests/integration/ot-leave-concurrency.test.ts:172:50
    170|       tally(distribution, outcomes);
    171|       if (callWindowsOverlap(outcomes)) overlapping += 1;
    172|       expect(labels(outcomes), `round ${round}`).toEqual(['duplicate',…
       |                                                  ^
    173|       expect(listOtLeaveRequests(t.db, owner)).toHaveLength(1);
    174|       expect(getBalance(t.db, owner).reservedMinutes).toBe(80);

⎯⎯⎯⎯⎯⎯⎯⎯⎯⎯⎯⎯⎯⎯⎯⎯⎯⎯⎯⎯⎯⎯⎯⎯[3/3]⎯


 Test Files  1 failed (1)
      Tests  3 failed | 5 skipped (8)
   Start at  22:41:38
   Duration  951ms (transform 53%, tests 33%, import 14%)
