Five separate runs: for i in 1..5: npm exec -- vitest run tests/integration/ot-leave-concurrency.test.ts --reporter=verbose  (Node v24.21.0; [race] summary lines and exit codes kept)
=== repeat 1 ===
exit=0
[race] LG-07 reserve 80 vs 80 at 100: 25 rounds, overlapping call windows 25/25, outcomes: 409 insufficient_balance + reserved x25
[race] reserve 4 x 80 at 200: 20 rounds, overlapping call windows 20/20, outcomes: 409 insufficient_balance + 409 insufficient_balance + reserved + reserved x20
[race] reserve same key twice: 20 rounds, overlapping call windows 20/20, outcomes: duplicate + reserved x20
[race] use 80 vs 80 of 120: 20 rounds, overlapping call windows 20/20, outcomes: 409 exceeds_reserved + used x20
[race] use same key twice: 20 rounds, overlapping call windows 20/20, outcomes: duplicate + used x20
[race] cancel vs use 120 of 120: 20 rounds, overlapping call windows 20/20, outcomes: unchanged + used x10; 409 exceeds_reserved + cancelled x10
[race] reverse 120 vs 120 of 120 used: 20 rounds, overlapping call windows 20/20, outcomes: 409 exceeds_reversible + reversed x20
 Test Files  1 passed (1)
      Tests  8 passed (8)
=== repeat 2 ===
exit=0
[race] LG-07 reserve 80 vs 80 at 100: 25 rounds, overlapping call windows 25/25, outcomes: 409 insufficient_balance + reserved x25
[race] reserve 4 x 80 at 200: 20 rounds, overlapping call windows 20/20, outcomes: 409 insufficient_balance + 409 insufficient_balance + reserved + reserved x20
[race] reserve same key twice: 20 rounds, overlapping call windows 20/20, outcomes: duplicate + reserved x20
[race] use 80 vs 80 of 120: 20 rounds, overlapping call windows 20/20, outcomes: 409 exceeds_reserved + used x20
[race] use same key twice: 20 rounds, overlapping call windows 20/20, outcomes: duplicate + used x20
[race] cancel vs use 120 of 120: 20 rounds, overlapping call windows 20/20, outcomes: unchanged + used x9; 409 exceeds_reserved + cancelled x11
[race] reverse 120 vs 120 of 120 used: 20 rounds, overlapping call windows 20/20, outcomes: 409 exceeds_reversible + reversed x20
 Test Files  1 passed (1)
      Tests  8 passed (8)
=== repeat 3 ===
exit=0
[race] LG-07 reserve 80 vs 80 at 100: 25 rounds, overlapping call windows 25/25, outcomes: 409 insufficient_balance + reserved x25
[race] reserve 4 x 80 at 200: 20 rounds, overlapping call windows 20/20, outcomes: 409 insufficient_balance + 409 insufficient_balance + reserved + reserved x20
[race] reserve same key twice: 20 rounds, overlapping call windows 20/20, outcomes: duplicate + reserved x20
[race] use 80 vs 80 of 120: 20 rounds, overlapping call windows 20/20, outcomes: 409 exceeds_reserved + used x20
[race] use same key twice: 20 rounds, overlapping call windows 20/20, outcomes: duplicate + used x20
[race] cancel vs use 120 of 120: 20 rounds, overlapping call windows 20/20, outcomes: unchanged + used x11; 409 exceeds_reserved + cancelled x9
[race] reverse 120 vs 120 of 120 used: 20 rounds, overlapping call windows 20/20, outcomes: 409 exceeds_reversible + reversed x20
 Test Files  1 passed (1)
      Tests  8 passed (8)
=== repeat 4 ===
exit=0
[race] LG-07 reserve 80 vs 80 at 100: 25 rounds, overlapping call windows 25/25, outcomes: 409 insufficient_balance + reserved x25
[race] reserve 4 x 80 at 200: 20 rounds, overlapping call windows 20/20, outcomes: 409 insufficient_balance + 409 insufficient_balance + reserved + reserved x20
[race] reserve same key twice: 20 rounds, overlapping call windows 20/20, outcomes: duplicate + reserved x20
[race] use 80 vs 80 of 120: 20 rounds, overlapping call windows 20/20, outcomes: 409 exceeds_reserved + used x20
[race] use same key twice: 20 rounds, overlapping call windows 20/20, outcomes: duplicate + used x20
[race] cancel vs use 120 of 120: 20 rounds, overlapping call windows 20/20, outcomes: unchanged + used x13; 409 exceeds_reserved + cancelled x7
[race] reverse 120 vs 120 of 120 used: 20 rounds, overlapping call windows 20/20, outcomes: 409 exceeds_reversible + reversed x20
 Test Files  1 passed (1)
      Tests  8 passed (8)
=== repeat 5 ===
exit=0
[race] LG-07 reserve 80 vs 80 at 100: 25 rounds, overlapping call windows 25/25, outcomes: 409 insufficient_balance + reserved x25
[race] reserve 4 x 80 at 200: 20 rounds, overlapping call windows 20/20, outcomes: 409 insufficient_balance + 409 insufficient_balance + reserved + reserved x20
[race] reserve same key twice: 20 rounds, overlapping call windows 20/20, outcomes: duplicate + reserved x20
[race] use 80 vs 80 of 120: 20 rounds, overlapping call windows 20/20, outcomes: 409 exceeds_reserved + used x20
[race] use same key twice: 20 rounds, overlapping call windows 20/20, outcomes: duplicate + used x20
[race] cancel vs use 120 of 120: 20 rounds, overlapping call windows 20/20, outcomes: unchanged + used x8; 409 exceeds_reserved + cancelled x12
[race] reverse 120 vs 120 of 120 used: 20 rounds, overlapping call windows 20/20, outcomes: 409 exceeds_reversible + reversed x20
 Test Files  1 passed (1)
      Tests  8 passed (8)
